// Jest Snapshot v1, https://goo.gl/fbAQLP

exports[`About matches snapshot 1`] = `
<div>
  <section
    class="about"
  >
    <h2
      class="title"
    >
      Sobre m√≠
    </h2>
    <p
      class="description"
    >
      Sobre Joe
    </p>
  </section>
</div>
`;
